// Jest Snapshot v1, https://goo.gl/fbAQLP

exports[`Header renders as designed 1`] = `
<div>
  <div>
    <h1>
      Market Sector
    </h1>
    <Route
      component={[Function]}
    />
  </div>
  <nav>
    <ul>
      <li>
        <Link
          replace={false}
          to="/"
        >
          Home
        </Link>
      </li>
      <li>
        <Link
          replace={false}
          to="/favorites"
        >
          Favorites
        </Link>
      </li>
      <li>
        <Link
          replace={false}
          to="/companies"
        >
          Search
        </Link>
      </li>
    </ul>
  </nav>
</div>
`;
